MPLINK 4.49, Linker
Linker Map File - Created Tue Sep 08 16:08:55 2020

                                 Section Info
                  Section       Type    Address   Location Size(Bytes)
                ---------  ---------  ---------  ---------  ---------
                   .org_0       code   0x000000    program   0x000022
                   .cinit    romdata   0x000011    program   0x000004



                              Program Memory Usage 
                               Start         End      
                           ---------   ---------      
                            0x000000    0x000012      
            19 out of 4359 program addresses used, program memory utilization is 0%



                              Symbols - Sorted by Name
                     Name    Address   Location    Storage File                     
                ---------  ---------  ---------  --------- ---------                
                    bucle   0x000008    program     static C:\Users\Francisco\Documents\!Facultad - UF\Electrónica Digital II\Ejercicios\Ejercicio9\borrado indirecto.asm
                   bucle2   0x00000a    program     static C:\Users\Francisco\Documents\!Facultad - UF\Electrónica Digital II\Ejercicios\Ejercicio9\borrado indirecto.asm
                    comp2   0x00000e    program     static C:\Users\Francisco\Documents\!Facultad - UF\Electrónica Digital II\Ejercicios\Ejercicio9\borrado indirecto.asm
                      fin   0x000011    program     static C:\Users\Francisco\Documents\!Facultad - UF\Electrónica Digital II\Ejercicios\Ejercicio9\borrado indirecto.asm
                   inicio   0x000000    program     static C:\Users\Francisco\Documents\!Facultad - UF\Electrónica Digital II\Ejercicios\Ejercicio9\borrado indirecto.asm



                              Symbols - Sorted by Address
                     Name    Address   Location    Storage File                     
                ---------  ---------  ---------  --------- ---------                
                   inicio   0x000000    program     static C:\Users\Francisco\Documents\!Facultad - UF\Electrónica Digital II\Ejercicios\Ejercicio9\borrado indirecto.asm
                    bucle   0x000008    program     static C:\Users\Francisco\Documents\!Facultad - UF\Electrónica Digital II\Ejercicios\Ejercicio9\borrado indirecto.asm
                   bucle2   0x00000a    program     static C:\Users\Francisco\Documents\!Facultad - UF\Electrónica Digital II\Ejercicios\Ejercicio9\borrado indirecto.asm
                    comp2   0x00000e    program     static C:\Users\Francisco\Documents\!Facultad - UF\Electrónica Digital II\Ejercicios\Ejercicio9\borrado indirecto.asm
                      fin   0x000011    program     static C:\Users\Francisco\Documents\!Facultad - UF\Electrónica Digital II\Ejercicios\Ejercicio9\borrado indirecto.asm


