MPLINK 4.49, Linker
Linker Map File - Created Tue Sep 29 14:44:18 2020

                                 Section Info
                  Section       Type    Address   Location Size(Bytes)
                ---------  ---------  ---------  ---------  ---------
                   .org_0       code   0x000000    program   0x000002
                   .cinit    romdata   0x000001    program   0x000004
                   .org_1       code   0x000005    program   0x00003a
.config_2007_INTERRUPCIONES.O       code   0x002007    program   0x000002



                              Program Memory Usage 
                               Start         End      
                           ---------   ---------      
                            0x000000    0x000002      
                            0x000005    0x000021      
                            0x002007    0x002007      
            33 out of 1094 program addresses used, program memory utilization is 3%



                              Symbols - Sorted by Name
                     Name    Address   Location    Storage File                     
                ---------  ---------  ---------  --------- ---------                
              bucle_500ms   0x000018    program     static C:\Users\Francisco\Documents\!Facultad - UF\Electrónica Digital II\Ejercicios\Guia3\Ejemplo de interrupciones 16f84a\interrupciones.asm
               bucle_50ms   0x00001f    program     static C:\Users\Francisco\Documents\!Facultad - UF\Electrónica Digital II\Ejercicios\Guia3\Ejemplo de interrupciones 16f84a\interrupciones.asm
              delay_500ms   0x000016    program     static C:\Users\Francisco\Documents\!Facultad - UF\Electrónica Digital II\Ejercicios\Guia3\Ejemplo de interrupciones 16f84a\interrupciones.asm
               delay_50ms   0x00001c    program     static C:\Users\Francisco\Documents\!Facultad - UF\Electrónica Digital II\Ejercicios\Guia3\Ejemplo de interrupciones 16f84a\interrupciones.asm
                   inicio   0x000005    program     static C:\Users\Francisco\Documents\!Facultad - UF\Electrónica Digital II\Ejercicios\Guia3\Ejemplo de interrupciones 16f84a\interrupciones.asm
              prendoapago   0x000011    program     static C:\Users\Francisco\Documents\!Facultad - UF\Electrónica Digital II\Ejercicios\Guia3\Ejemplo de interrupciones 16f84a\interrupciones.asm



                              Symbols - Sorted by Address
                     Name    Address   Location    Storage File                     
                ---------  ---------  ---------  --------- ---------                
                   inicio   0x000005    program     static C:\Users\Francisco\Documents\!Facultad - UF\Electrónica Digital II\Ejercicios\Guia3\Ejemplo de interrupciones 16f84a\interrupciones.asm
              prendoapago   0x000011    program     static C:\Users\Francisco\Documents\!Facultad - UF\Electrónica Digital II\Ejercicios\Guia3\Ejemplo de interrupciones 16f84a\interrupciones.asm
              delay_500ms   0x000016    program     static C:\Users\Francisco\Documents\!Facultad - UF\Electrónica Digital II\Ejercicios\Guia3\Ejemplo de interrupciones 16f84a\interrupciones.asm
              bucle_500ms   0x000018    program     static C:\Users\Francisco\Documents\!Facultad - UF\Electrónica Digital II\Ejercicios\Guia3\Ejemplo de interrupciones 16f84a\interrupciones.asm
               delay_50ms   0x00001c    program     static C:\Users\Francisco\Documents\!Facultad - UF\Electrónica Digital II\Ejercicios\Guia3\Ejemplo de interrupciones 16f84a\interrupciones.asm
               bucle_50ms   0x00001f    program     static C:\Users\Francisco\Documents\!Facultad - UF\Electrónica Digital II\Ejercicios\Guia3\Ejemplo de interrupciones 16f84a\interrupciones.asm


