CCS PCM C Compiler, Version 5.076, 56587               22-sep.-20 15:32

               Filename:   C:\Users\Francisco\Documents\!Facultad - UF\Electrónica Digital II\Ejercicios\Guía2\Problema 5 - B\main.lst

               ROM used:   82 words (2%)
                           Largest free fragment is 2048
               RAM used:   17 (5%) at main() level
                           18 (5%) worst case
               Stack used: 0 locations
               Stack size: 8

*
0000:  MOVLW  00
0001:  MOVWF  0A
0002:  GOTO   01A
0003:  NOP
.................... #include <main.h> 
.................... #include <16F88.h> 
.................... //////////// Standard Header file for the PIC16F88 device //////////////// 
.................... /////////////////////////////////////////////////////////////////////////// 
.................... ////        (C) Copyright 1996, 2014 Custom Computer Services          //// 
.................... //// This source code may only be used by licensed users of the CCS C  //// 
.................... //// compiler.  This source code may only be distributed to other      //// 
.................... //// licensed users of the CCS C compiler.  No other use, reproduction //// 
.................... //// or distribution is permitted without written permission.          //// 
.................... //// Derivative programs created using this software in object code    //// 
.................... //// form are not restricted in any way.                               //// 
.................... /////////////////////////////////////////////////////////////////////////// 
.................... #device PIC16F88 
....................  
.................... #list 
....................  
.................... #device ADC=10 
.................... #use delay(crystal=4MHz) 
0004:  MOVLW  2D
0005:  MOVWF  04
0006:  BCF    03.7
0007:  MOVF   00,W
0008:  BTFSC  03.2
0009:  GOTO   018
000A:  MOVLW  01
000B:  MOVWF  78
000C:  CLRF   77
000D:  DECFSZ 77,F
000E:  GOTO   00D
000F:  DECFSZ 78,F
0010:  GOTO   00C
0011:  MOVLW  4A
0012:  MOVWF  77
0013:  DECFSZ 77,F
0014:  GOTO   013
0015:  GOTO   016
0016:  DECFSZ 00,F
0017:  GOTO   00A
0018:  BCF    0A.3
0019:  GOTO   04A (RETURN)
....................  
....................  
....................  
.................... #BYTE TRISB=0x86 
.................... #BYTE PORTB=0x06 
....................  
.................... void main() 
001A:  MOVF   03,W
001B:  ANDLW  1F
001C:  MOVWF  03
001D:  BSF    03.5
001E:  BCF    1F.4
001F:  BCF    1F.5
0020:  MOVF   1B,W
0021:  ANDLW  80
0022:  MOVWF  1B
0023:  MOVLW  07
0024:  MOVWF  1C
0025:  BCF    03.7
.................... { 
....................    TRISB=0x00; 
0026:  CLRF   06
....................    PORTB=0x00; 
0027:  BCF    03.5
0028:  CLRF   06
....................    unsigned int cont=0; 
....................    int v[10]={63,6,91,79,102,109,125,7,127,103}; 
0029:  CLRF   21
002A:  MOVLW  3F
002B:  MOVWF  22
002C:  MOVLW  06
002D:  MOVWF  23
002E:  MOVLW  5B
002F:  MOVWF  24
0030:  MOVLW  4F
0031:  MOVWF  25
0032:  MOVLW  66
0033:  MOVWF  26
0034:  MOVLW  6D
0035:  MOVWF  27
0036:  MOVLW  7D
0037:  MOVWF  28
0038:  MOVLW  07
0039:  MOVWF  29
003A:  MOVLW  7F
003B:  MOVWF  2A
003C:  MOVLW  67
003D:  MOVWF  2B
....................     
....................    while(TRUE) 
....................    { 
....................          PORTB=v[cont++]; 
003E:  MOVF   21,W
003F:  INCF   21,F
0040:  ADDLW  22
0041:  MOVWF  04
0042:  BCF    03.7
0043:  MOVF   00,W
0044:  MOVWF  06
....................          delay_ms(300); 
0045:  MOVLW  02
0046:  MOVWF  2C
0047:  MOVLW  96
0048:  MOVWF  2D
0049:  GOTO   004
004A:  DECFSZ 2C,F
004B:  GOTO   047
....................          if(cont>9) 
004C:  MOVF   21,W
004D:  SUBLW  09
004E:  BTFSS  03.0
....................             cont=0; 
004F:  CLRF   21
0050:  GOTO   03E
....................    } 
....................  
.................... } 
0051:  SLEEP

Configuration Fuses:
   Word  1: 3F61   NOWDT PUT XT MCLR BROWNOUT NOLVP NOCPD NOWRT NODEBUG CCPB0 NOPROTECT
   Word  2: 3FFF   FCMEN IESO
