MPLINK 4.49, Linker
Linker Map File - Created Tue Sep 22 10:20:33 2020

                                 Section Info
                  Section       Type    Address   Location Size(Bytes)
                ---------  ---------  ---------  ---------  ---------
                   .org_0       code   0x000000    program   0x000002
                   .cinit    romdata   0x000001    program   0x000004
                   .org_1       code   0x000004    program   0x000028



                              Program Memory Usage 
                               Start         End      
                           ---------   ---------      
                            0x000000    0x000002      
                            0x000004    0x000017      
            23 out of 4359 program addresses used, program memory utilization is 0%



                              Symbols - Sorted by Name
                     Name    Address   Location    Storage File                     
                ---------  ---------  ---------  --------- ---------                
                  circulo   0x000010    program     static C:\Users\Francisco\Documents\!Facultad - UF\Electrónica Digital II\Ejercicios\Ejercicios por mi cuenta\Temporizador ASM TMR0\TempTMR0.asm
               inicializa   0x000005    program     static C:\Users\Francisco\Documents\!Facultad - UF\Electrónica Digital II\Ejercicios\Ejercicios por mi cuenta\Temporizador ASM TMR0\TempTMR0.asm
                      rsi   0x000011    program     static C:\Users\Francisco\Documents\!Facultad - UF\Electrónica Digital II\Ejercicios\Ejercicios por mi cuenta\Temporizador ASM TMR0\TempTMR0.asm



                              Symbols - Sorted by Address
                     Name    Address   Location    Storage File                     
                ---------  ---------  ---------  --------- ---------                
               inicializa   0x000005    program     static C:\Users\Francisco\Documents\!Facultad - UF\Electrónica Digital II\Ejercicios\Ejercicios por mi cuenta\Temporizador ASM TMR0\TempTMR0.asm
                  circulo   0x000010    program     static C:\Users\Francisco\Documents\!Facultad - UF\Electrónica Digital II\Ejercicios\Ejercicios por mi cuenta\Temporizador ASM TMR0\TempTMR0.asm
                      rsi   0x000011    program     static C:\Users\Francisco\Documents\!Facultad - UF\Electrónica Digital II\Ejercicios\Ejercicios por mi cuenta\Temporizador ASM TMR0\TempTMR0.asm


