MPLINK 4.49, Linker
Linker Map File - Created Wed Oct 21 15:49:52 2020

                                 Section Info
                  Section       Type    Address   Location Size(Bytes)
                ---------  ---------  ---------  ---------  ---------
                   .org_0       code   0x000000    program   0x000016
                   .cinit    romdata   0x00000b    program   0x000004



                              Program Memory Usage 
                               Start         End      
                           ---------   ---------      
                            0x000000    0x00000c      
            13 out of 4359 program addresses used, program memory utilization is 0%



                              Symbols - Sorted by Name
                     Name    Address   Location    Storage File                     
                ---------  ---------  ---------  --------- ---------                
                    bucle   0x000005    program     static C:\Users\Francisco\Documents\!Facultad - UF\Electrónica Digital II\Ejercicios\Guia1\Ejercicio7\Multiplicacion.asm
                      fin   0x00000b    program     static C:\Users\Francisco\Documents\!Facultad - UF\Electrónica Digital II\Ejercicios\Guia1\Ejercicio7\Multiplicacion.asm
                   inicio   0x000000    program     static C:\Users\Francisco\Documents\!Facultad - UF\Electrónica Digital II\Ejercicios\Guia1\Ejercicio7\Multiplicacion.asm



                              Symbols - Sorted by Address
                     Name    Address   Location    Storage File                     
                ---------  ---------  ---------  --------- ---------                
                   inicio   0x000000    program     static C:\Users\Francisco\Documents\!Facultad - UF\Electrónica Digital II\Ejercicios\Guia1\Ejercicio7\Multiplicacion.asm
                    bucle   0x000005    program     static C:\Users\Francisco\Documents\!Facultad - UF\Electrónica Digital II\Ejercicios\Guia1\Ejercicio7\Multiplicacion.asm
                      fin   0x00000b    program     static C:\Users\Francisco\Documents\!Facultad - UF\Electrónica Digital II\Ejercicios\Guia1\Ejercicio7\Multiplicacion.asm


