MPLINK 4.49, Linker
Linker Map File - Created Sun Nov 29 11:16:29 2020

                                 Section Info
                  Section       Type    Address   Location Size(Bytes)
                ---------  ---------  ---------  ---------  ---------
                   .org_0       code   0x000000    program   0x000002
                   .cinit    romdata   0x000001    program   0x000004
                   .org_1       code   0x000004    program   0x00005a



                              Program Memory Usage 
                               Start         End      
                           ---------   ---------      
                            0x000000    0x000002      
                            0x000004    0x000030      
            48 out of 4359 program addresses used, program memory utilization is 1%



                              Symbols - Sorted by Name
                     Name    Address   Location    Storage File                     
                ---------  ---------  ---------  --------- ---------                
                    bucle   0x00002c    program     static C:\Users\Francisco\Documents\!Facultad - UF\Electrónica Digital II\Ejercicios\Ejercicios por mi cuenta\LED temporizador\Codigo.asm
              bucle_500ms   0x00000f    program     static C:\Users\Francisco\Documents\!Facultad - UF\Electrónica Digital II\Ejercicios\Ejercicios por mi cuenta\LED temporizador\Codigo.asm
               bucle_50ms   0x000016    program     static C:\Users\Francisco\Documents\!Facultad - UF\Electrónica Digital II\Ejercicios\Ejercicios por mi cuenta\LED temporizador\Codigo.asm
              delay_500ms   0x00000d    program     static C:\Users\Francisco\Documents\!Facultad - UF\Electrónica Digital II\Ejercicios\Ejercicios por mi cuenta\LED temporizador\Codigo.asm
               delay_50ms   0x000013    program     static C:\Users\Francisco\Documents\!Facultad - UF\Electrónica Digital II\Ejercicios\Ejercicios por mi cuenta\LED temporizador\Codigo.asm
                   inicio   0x00001a    program     static C:\Users\Francisco\Documents\!Facultad - UF\Electrónica Digital II\Ejercicios\Ejercicios por mi cuenta\LED temporizador\Codigo.asm
              prendoapago   0x000004    program     static C:\Users\Francisco\Documents\!Facultad - UF\Electrónica Digital II\Ejercicios\Ejercicios por mi cuenta\LED temporizador\Codigo.asm



                              Symbols - Sorted by Address
                     Name    Address   Location    Storage File                     
                ---------  ---------  ---------  --------- ---------                
              prendoapago   0x000004    program     static C:\Users\Francisco\Documents\!Facultad - UF\Electrónica Digital II\Ejercicios\Ejercicios por mi cuenta\LED temporizador\Codigo.asm
              delay_500ms   0x00000d    program     static C:\Users\Francisco\Documents\!Facultad - UF\Electrónica Digital II\Ejercicios\Ejercicios por mi cuenta\LED temporizador\Codigo.asm
              bucle_500ms   0x00000f    program     static C:\Users\Francisco\Documents\!Facultad - UF\Electrónica Digital II\Ejercicios\Ejercicios por mi cuenta\LED temporizador\Codigo.asm
               delay_50ms   0x000013    program     static C:\Users\Francisco\Documents\!Facultad - UF\Electrónica Digital II\Ejercicios\Ejercicios por mi cuenta\LED temporizador\Codigo.asm
               bucle_50ms   0x000016    program     static C:\Users\Francisco\Documents\!Facultad - UF\Electrónica Digital II\Ejercicios\Ejercicios por mi cuenta\LED temporizador\Codigo.asm
                   inicio   0x00001a    program     static C:\Users\Francisco\Documents\!Facultad - UF\Electrónica Digital II\Ejercicios\Ejercicios por mi cuenta\LED temporizador\Codigo.asm
                    bucle   0x00002c    program     static C:\Users\Francisco\Documents\!Facultad - UF\Electrónica Digital II\Ejercicios\Ejercicios por mi cuenta\LED temporizador\Codigo.asm


