MPLINK 4.49, Linker
Linker Map File - Created Mon Nov 30 10:40:32 2020

                                 Section Info
                  Section       Type    Address   Location Size(Bytes)
                ---------  ---------  ---------  ---------  ---------
                   .org_0       code   0x000000    program   0x00000e
                   .cinit    romdata   0x000007    program   0x000004



                              Program Memory Usage 
                               Start         End      
                           ---------   ---------      
                            0x000000    0x000008      
            9 out of 4359 program addresses used, program memory utilization is 0%



                              Symbols - Sorted by Name
                     Name    Address   Location    Storage File                     
                ---------  ---------  ---------  --------- ---------                
                    bucle   0x000004    program     static C:\Users\Francisco\Documents\!Facultad - UF\Electrónica Digital II\Ejercicios\Ejercicios por mi cuenta\Multiplicar por 16 rotando asm\Codigo EZE.asm
                   inicio   0x000000    program     static C:\Users\Francisco\Documents\!Facultad - UF\Electrónica Digital II\Ejercicios\Ejercicios por mi cuenta\Multiplicar por 16 rotando asm\Codigo EZE.asm



                              Symbols - Sorted by Address
                     Name    Address   Location    Storage File                     
                ---------  ---------  ---------  --------- ---------                
                   inicio   0x000000    program     static C:\Users\Francisco\Documents\!Facultad - UF\Electrónica Digital II\Ejercicios\Ejercicios por mi cuenta\Multiplicar por 16 rotando asm\Codigo EZE.asm
                    bucle   0x000004    program     static C:\Users\Francisco\Documents\!Facultad - UF\Electrónica Digital II\Ejercicios\Ejercicios por mi cuenta\Multiplicar por 16 rotando asm\Codigo EZE.asm


